2026-06-11 21:10:42,273 CRIT Supervisor is running as root.  Privileges were not dropped because no user is specified in the config file.  If you intend to run as root, you can set user=root in the config file to avoid this message.
2026-06-11 21:10:42,275 INFO supervisord started with pid 1
2026-06-11 21:10:43,280 INFO spawned: 'nginx' with pid 7
2026-06-11 21:10:43,282 INFO spawned: 'php-fpm' with pid 8
2026-06-11 21:10:44,310 INFO success: nginx entered RUNNING state, process has stayed up for > than 1 seconds (startsecs)
2026-06-11 21:10:44,310 INFO success: php-fpm entered RUNNING state, process has stayed up for > than 1 seconds (startsecs)
2026-06-12 06:36:18,734 WARN received SIGQUIT indicating exit request
2026-06-12 06:36:18,736 INFO waiting for nginx, php-fpm to die
2026-06-12 06:36:18,742 INFO stopped: php-fpm (exit status 0)
2026-06-12 06:36:18,801 INFO stopped: nginx (exit status 0)
2026-06-12 06:36:31,383 CRIT Supervisor is running as root.  Privileges were not dropped because no user is specified in the config file.  If you intend to run as root, you can set user=root in the config file to avoid this message.
2026-06-12 06:36:31,385 INFO supervisord started with pid 1
2026-06-12 06:36:32,392 INFO spawned: 'nginx' with pid 7
2026-06-12 06:36:32,393 INFO spawned: 'php-fpm' with pid 8
2026-06-12 06:36:33,425 INFO success: nginx entered RUNNING state, process has stayed up for > than 1 seconds (startsecs)
2026-06-12 06:36:33,425 INFO success: php-fpm entered RUNNING state, process has stayed up for > than 1 seconds (startsecs)
2026-06-12 06:37:43,340 WARN received SIGQUIT indicating exit request
2026-06-12 06:37:43,340 INFO waiting for nginx, php-fpm to die
2026-06-12 06:37:43,343 INFO stopped: php-fpm (exit status 0)
2026-06-12 06:37:43,405 INFO stopped: nginx (exit status 0)
2026-06-12 06:37:43,759 CRIT Supervisor is running as root.  Privileges were not dropped because no user is specified in the config file.  If you intend to run as root, you can set user=root in the config file to avoid this message.
2026-06-12 06:37:43,761 INFO supervisord started with pid 1
2026-06-12 06:37:44,765 INFO spawned: 'nginx' with pid 7
2026-06-12 06:37:44,769 INFO spawned: 'php-fpm' with pid 8
2026-06-12 06:37:45,798 INFO success: nginx entered RUNNING state, process has stayed up for > than 1 seconds (startsecs)
2026-06-12 06:37:45,799 INFO success: php-fpm entered RUNNING state, process has stayed up for > than 1 seconds (startsecs)
2026-06-14 09:06:27,686 WARN received SIGQUIT indicating exit request
2026-06-14 09:06:27,688 INFO waiting for nginx, php-fpm to die
2026-06-14 09:06:27,698 INFO stopped: php-fpm (exit status 0)
2026-06-14 09:06:27,754 INFO stopped: nginx (exit status 0)
2026-06-14 09:06:28,565 CRIT Supervisor is running as root.  Privileges were not dropped because no user is specified in the config file.  If you intend to run as root, you can set user=root in the config file to avoid this message.
2026-06-14 09:06:28,566 INFO supervisord started with pid 1
2026-06-14 09:06:29,570 INFO spawned: 'nginx' with pid 7
2026-06-14 09:06:29,574 INFO spawned: 'php-fpm' with pid 8
2026-06-14 09:06:30,608 INFO success: nginx entered RUNNING state, process has stayed up for > than 1 seconds (startsecs)
2026-06-14 09:06:30,609 INFO success: php-fpm entered RUNNING state, process has stayed up for > than 1 seconds (startsecs)
2026-06-14 09:08:55,061 WARN received SIGQUIT indicating exit request
2026-06-14 09:08:55,061 INFO waiting for nginx, php-fpm to die
2026-06-14 09:08:55,064 INFO stopped: php-fpm (exit status 0)
2026-06-14 09:08:55,121 INFO stopped: nginx (exit status 0)
2026-06-15 16:27:32,236 CRIT Supervisor is running as root.  Privileges were not dropped because no user is specified in the config file.  If you intend to run as root, you can set user=root in the config file to avoid this message.
2026-06-15 16:27:32,237 INFO supervisord started with pid 1
2026-06-15 16:27:33,245 INFO spawned: 'nginx' with pid 7
2026-06-15 16:27:33,247 INFO spawned: 'php-fpm' with pid 8
2026-06-15 16:27:34,298 INFO success: nginx entered RUNNING state, process has stayed up for > than 1 seconds (startsecs)
2026-06-15 16:27:34,299 INFO success: php-fpm entered RUNNING state, process has stayed up for > than 1 seconds (startsecs)
2026-06-15 17:40:24,750 WARN received SIGQUIT indicating exit request
2026-06-15 17:40:24,751 INFO waiting for nginx, php-fpm to die
2026-06-15 17:40:24,758 INFO stopped: php-fpm (exit status 0)
2026-06-15 17:40:24,806 INFO stopped: nginx (exit status 0)
2026-06-15 17:40:25,093 CRIT Supervisor is running as root.  Privileges were not dropped because no user is specified in the config file.  If you intend to run as root, you can set user=root in the config file to avoid this message.
2026-06-15 17:40:25,094 INFO supervisord started with pid 1
2026-06-15 17:40:26,103 INFO spawned: 'nginx' with pid 7
2026-06-15 17:40:26,104 INFO spawned: 'php-fpm' with pid 8
2026-06-15 17:40:27,136 INFO success: nginx entered RUNNING state, process has stayed up for > than 1 seconds (startsecs)
2026-06-15 17:40:27,137 INFO success: php-fpm entered RUNNING state, process has stayed up for > than 1 seconds (startsecs)
2026-06-15 17:52:52,592 WARN received SIGQUIT indicating exit request
2026-06-15 17:52:52,592 INFO waiting for nginx, php-fpm to die
2026-06-15 17:52:52,598 INFO stopped: php-fpm (exit status 0)
2026-06-15 17:52:52,646 INFO stopped: nginx (exit status 0)
2026-06-15 17:52:52,960 CRIT Supervisor is running as root.  Privileges were not dropped because no user is specified in the config file.  If you intend to run as root, you can set user=root in the config file to avoid this message.
2026-06-15 17:52:52,961 INFO supervisord started with pid 1
2026-06-15 17:52:53,968 INFO spawned: 'nginx' with pid 7
2026-06-15 17:52:53,970 INFO spawned: 'php-fpm' with pid 8
2026-06-15 17:52:54,991 INFO success: nginx entered RUNNING state, process has stayed up for > than 1 seconds (startsecs)
2026-06-15 17:52:54,991 INFO success: php-fpm entered RUNNING state, process has stayed up for > than 1 seconds (startsecs)
2026-06-15 17:53:43,212 WARN received SIGQUIT indicating exit request
2026-06-15 17:53:43,213 INFO waiting for nginx, php-fpm to die
2026-06-15 17:53:43,218 INFO stopped: php-fpm (exit status 0)
2026-06-15 17:53:43,275 INFO stopped: nginx (exit status 0)
2026-06-15 17:53:43,579 CRIT Supervisor is running as root.  Privileges were not dropped because no user is specified in the config file.  If you intend to run as root, you can set user=root in the config file to avoid this message.
2026-06-15 17:53:43,580 INFO supervisord started with pid 1
2026-06-15 17:53:44,585 INFO spawned: 'nginx' with pid 7
2026-06-15 17:53:44,587 INFO spawned: 'php-fpm' with pid 8
2026-06-15 17:53:45,609 INFO success: nginx entered RUNNING state, process has stayed up for > than 1 seconds (startsecs)
2026-06-15 17:53:45,609 INFO success: php-fpm entered RUNNING state, process has stayed up for > than 1 seconds (startsecs)
2026-06-15 18:56:20,625 WARN received SIGQUIT indicating exit request
2026-06-15 18:56:20,626 INFO waiting for nginx, php-fpm to die
2026-06-15 18:56:20,631 INFO stopped: php-fpm (exit status 0)
2026-06-15 18:56:20,689 INFO stopped: nginx (exit status 0)
2026-06-15 18:56:21,028 CRIT Supervisor is running as root.  Privileges were not dropped because no user is specified in the config file.  If you intend to run as root, you can set user=root in the config file to avoid this message.
2026-06-15 18:56:21,029 INFO supervisord started with pid 1
2026-06-15 18:56:22,035 INFO spawned: 'nginx' with pid 7
2026-06-15 18:56:22,037 INFO spawned: 'php-fpm' with pid 8
2026-06-15 18:56:23,069 INFO success: nginx entered RUNNING state, process has stayed up for > than 1 seconds (startsecs)
2026-06-15 18:56:23,069 INFO success: php-fpm entered RUNNING state, process has stayed up for > than 1 seconds (startsecs)
2026-06-15 20:54:37,026 CRIT Supervisor is running as root.  Privileges were not dropped because no user is specified in the config file.  If you intend to run as root, you can set user=root in the config file to avoid this message.
2026-06-15 20:54:37,028 INFO supervisord started with pid 1
2026-06-15 20:54:38,033 INFO spawned: 'nginx' with pid 7
2026-06-15 20:54:38,035 INFO spawned: 'php-fpm' with pid 8
2026-06-15 20:54:39,064 INFO success: nginx entered RUNNING state, process has stayed up for > than 1 seconds (startsecs)
2026-06-15 20:54:39,065 INFO success: php-fpm entered RUNNING state, process has stayed up for > than 1 seconds (startsecs)
